Retrieving project…
Deploying ramroshan1991-7543s-projects/nextjs
Uploading [--------------------] (0.0B/5KB)
Uploading [======--------------] (1.7KB/5KB)
Uploading [====================] (5.0KB/5KB)
Inspect: https://vercel.com/ramroshan1991-7543s-projects/nextjs/9aAvW2HDi6RXUSMfFnm3ZX4dPoR1 [3s]
Preview: https://nextjs-4iw3b17se-ramroshan1991-7543s-projects.vercel.app [3s]
https://nextjs-4iw3b17se-ramroshan1991-7543s-projects.vercel.appBuilding...
Building...
Building: Running build in Washington, D.C., USA (East) – iad1
Building: Build machine configuration: 2 cores, 8 GB
Building: Retrieving list of deployment files...
Building: Previous build caches not available.
Building: Downloading 33 deployment files...
Building: Running "vercel build"
Building: Vercel CLI 51.6.1
Building: Installing dependencies...
Building: npm warn deprecated rimraf@3.0.2: Rimraf versions prior to v4 are no longer supported
Building: npm warn deprecated inflight@1.0.6: This module is not supported, and leaks memory. Do not use it. Check out lru-cache if you want a good and tested way to coalesce async requests by a key value, which is much more comprehensive and powerful.
Building: npm warn deprecated glob@7.2.3: Old versions of glob are not supported, and contain widely publicized security vulnerabilities, which have been fixed in the current version. Please update. Support for old versions may be purchased (at exorbitant rates) by contacting i@izs.me
Building: npm warn deprecated @humanwhocodes/config-array@0.13.0: Use @eslint/config-array instead
Building: npm warn deprecated @humanwhocodes/object-schema@2.0.3: Use @eslint/object-schema instead
Building: npm warn deprecated node-domexception@1.0.0: Use your platform's native DOMException instead
Building: npm warn deprecated eslint@8.57.1: This version is no longer supported. Please see https://eslint.org/version-support for other options.
Building: added 438 packages in 13s
Building: 151 packages are looking for funding
Building: run `npm fund` for details
Building: Detected Next.js version: 15.5.14
Building: Running "npm run build"
Building: > test-orchestrator-nextjs@2.0.0 build
Building: > next build
Building: Attention: Next.js now collects completely anonymous telemetry regarding usage.
Building: This information is used to shape Next.js' roadmap and prioritize features.
Building: You can learn more, including how to opt-out if you'd not like to participate in this anonymous program, by visiting the following URL:
Building: https://nextjs.org/telemetry
Building: ▲ Next.js 15.5.14
Building: Creating an optimized production build ...
Building: ✓ Compiled successfully in 13.2s
Building: Linting and checking validity of types ...
Building: ./src/app/test-cases/CustomGenerator.tsx
Building: 29:6  Warning: React Hook useEffect has a missing dependency: 'form'. Either include it or remove the dependency array. You can also do a functional update 'setForm(f => ...)' if you only need 'form' in the 'setForm' call.  react-hooks/exhaustive-deps
Building: info  - Need to disable some ESLint rules? Learn more here: https://nextjs.org/docs/app/api-reference/config/eslint#disabling-rules
Building: Collecting page data ...
Building: Generating static pages (0/9) ...
Building: Generating static pages (2/9)
Building: Generating static pages (4/9)
Building: Generating static pages (6/9)
Building: ✓ Generating static pages (9/9)
Building: Finalizing page optimization ...
Building: Collecting build traces ...
Building: Route (app)                                 Size  First Load JS
Building: ┌ ○ /                                    3.45 kB         113 kB
Building: ├ ○ /_not-found                            994 B         103 kB
Building: ├ ƒ /api/export-form                       123 B         102 kB
Building: ├ ○ /code-generator                      5.22 kB         115 kB
Building: ├ ○ /jira-connect                        7.24 kB         138 kB
Building: ├ ○ /settings                            6.26 kB         137 kB
Building: ├ ○ /test-cases                          7.81 kB         349 kB
Building: └ ○ /test-plans                          7.63 kB         369 kB
Building: + First Load JS shared by all             102 kB
Building: ├ chunks/255-38b49df12a94ee57.js         46 kB
Building: ├ chunks/4bd1b696-c023c6e3521b1417.js  54.2 kB
Building: └ other shared chunks (total)          2.06 kB
Building: ○  (Static)   prerendered as static content
Building: ƒ  (Dynamic)  server-rendered on demand
Building: Traced Next.js server files in: 42.769ms
Building: Created all serverless functions in: 142.981ms
Building: Collected static files (public/, static/, .next/static): 5.566ms
Building: Build Completed in /vercel/output [45s]
Building: Deploying outputs...
[2K[1A[2K[GPreview: https://nextjs-4iw3b17se-ramroshan1991-7543s-projects.vercel.app [57s]
Completing...
To deploy to production (nextjs-nine-delta-68.vercel.app), run `vercel --prod`

Common next commands:
- `vercel inspect nextjs-4iw3b17se-ramroshan1991-7543s-projects.vercel.app --logs`
- `vercel redeploy nextjs-4iw3b17se-ramroshan1991-7543s-projects.vercel.app`
- `vercel deploy --prod`
